// Jest Snapshot v1, https://goo.gl/fbAQLP

exports[`Snapshot Test App 1`] = `
Array [
  <nav
    className="navbar navbar-expand-lg"
  >
    <h1>
      <a
        className="navbarHeading"
        href="/"
        onClick={[Function]}
      >
        Animal
        <span
          className="heart"
        >
          ‚ù§
        </span>
        Adopter
      </a>
    </h1>
    <button
      className="helpButton btn btn-warning"
      onClick={[Function]}
    >
      Help
    </button>
  </nav>,
  <section
    className="landing"
  >
    <div
      className="dark-overlay"
    >
      <div
        className="landing-inner"
      >
        <h1
          className="x-large"
        >
          Animal Adopter
        </h1>
        <p>
          Create a animal profile to find our friends a home
        </p>
        <div
          className="buttons"
        >
          <a
            className="btn btn-danger"
            href="/register"
            onClick={[Function]}
          >
            Sign Up
          </a>
          <a
            className="btn btn-outline-danger"
            href="/login"
            onClick={[Function]}
          >
            Login
          </a>
        </div>
      </div>
    </div>
  </section>,
]
`;
